// Vitest Snapshot v1, https://vitest.dev/guide/snapshot.html

exports[`Tests on <ButtonsGrid /> > should match snapshot 1`] = `
<div>
  <div
    class="grid grid-cols-4 gap-2"
  >
    <button>
      (
    </button>
    <button>
      )
    </button>
    <button>
      DEL
    </button>
    <button>
      AC
    </button>
    <button>
      7
    </button>
    <button>
      8
    </button>
    <button>
      9
    </button>
    <button>
      รท
    </button>
    <button>
      4
    </button>
    <button>
      5
    </button>
    <button>
      6
    </button>
    <button>
      ร
    </button>
    <button>
      1
    </button>
    <button>
      2
    </button>
    <button>
      3
    </button>
    <button>
      +
    </button>
    <button>
      0
    </button>
    <button>
      .
    </button>
    <button>
      =
    </button>
    <button>
      -
    </button>
  </div>
</div>
`;
