// Vitest Snapshot v1, https://vitest.dev/guide/snapshot.html

exports[`Tests on <ResultDisplay /> > should match snapshot 1`] = `
<div>
  <span
    class=" block font-bold text-2xl text-right w-full sm:text-4xl "
  >
    1057
  </span>
</div>
`;
